<?xml version="1.0" encoding="UTF-8"?>
<testsuites name="jest tests" tests="1" failures="0" errors="0" time="1.937">
  <testsuite name="undefined" errors="0" failures="0" skipped="1" timestamp="2024-02-12T18:58:16" time="1.895" tests="1">
    <testcase classname=" Snapshot" name=" Snapshot" time="0">
      <skipped/>
    </testcase>
  </testsuite>
</testsuites>